// Jest Snapshot v1, https://goo.gl/fbAQLP

exports[`Matches Snapshot 1`] = `
<div>
  <div
    class="issueCard"
    draggable="true"
  >
    Test Issue
  </div>
</div>
`;
